clojure -m cljs.main -co "{:source-map \"resources/js/app.js.map\"}" -d resources/js/out -t browser -O advanced -o resources/js/app.js -c bridge.main
Downloading: ring/ring-devel/1.6.3/ring-devel-1.6.3.pom from https://repo.clojars.org/
Downloading: org/clojure/tools.logging/0.4.0/tools.logging-0.4.0.pom from https://repo1.maven.org/maven2/
Downloading: cljsjs/react-dates/12.2.4-1/react-dates-12.2.4-1.pom from https://repo.clojars.org/
Downloading: expound/expound/0.6.0/expound-0.6.0.pom from https://repo.clojars.org/
Downloading: ring-cljsjs/ring-cljsjs/0.1.0/ring-cljsjs-0.1.0.pom from https://repo.clojars.org/
Downloading: ataraxy/ataraxy/0.4.0/ataraxy-0.4.0.pom from https://repo.clojars.org/
Downloading: day8/re-frame/http-fx/0.1.6/http-fx-0.1.6.pom from https://repo.clojars.org/
Downloading: com/datomic/datomic-free/0.9.5697/datomic-free-0.9.5697.pom from https://repo.clojars.org/
Downloading: figwheel-sidecar/figwheel-sidecar/0.5.15/figwheel-sidecar-0.5.15.pom from https://repo.clojars.org/
Downloading: cljsjs/prop-types/15.6.1-0/prop-types-15.6.1-0.pom from https://repo.clojars.org/
Downloading: cljsjs/react-dom/16.3.2-0/react-dom-16.3.2-0.pom from https://repo.clojars.org/
Downloading: re-frisk/re-frisk/0.5.3/re-frisk-0.5.3.pom from https://repo.clojars.org/
Downloading: kibu/pushy/0.3.8/pushy-0.3.8.pom from https://repo.clojars.org/
Downloading: cljsjs/showdown/1.4.2-0/showdown-1.4.2-0.pom from https://repo.clojars.org/
Downloading: org/clojure/clojurescript/1.10.238/clojurescript-1.10.238.pom from https://repo1.maven.org/maven2/
Downloading: org/sonatype/oss/oss-parent/7/oss-parent-7.pom from https://repo1.maven.org/maven2/
Downloading: ring/ring-jetty-adapter/1.6.3/ring-jetty-adapter-1.6.3.pom from https://repo.clojars.org/
Downloading: refactor-nrepl/refactor-nrepl/2.4.0-SNAPSHOT/maven-metadata.xml from https://repo.clojars.org/
Downloading: refactor-nrepl/refactor-nrepl/2.4.0-SNAPSHOT/refactor-nrepl-2.4.0-20180807.101401-10.pom from https://repo.clojars.org/
Downloading: clj-time/clj-time/0.14.3/clj-time-0.14.3.pom from https://repo.clojars.org/
Downloading: cljs-ajax/cljs-ajax/0.7.3/cljs-ajax-0.7.3.pom from https://repo.clojars.org/
Downloading: cljsjs/react/16.3.2-0/react-16.3.2-0.pom from https://repo.clojars.org/
Downloading: integrant/integrant/0.6.3/integrant-0.6.3.pom from https://repo.clojars.org/
Downloading: buddy/buddy-hashers/1.3.0/buddy-hashers-1.3.0.pom from https://repo.clojars.org/
Downloading: com/datomic/client-pro/0.8.14/client-pro-0.8.14.pom from https://repo1.maven.org/maven2/
Downloading: hiccup/hiccup/1.0.5/hiccup-1.0.5.pom from https://repo.clojars.org/
Downloading: org/clojure/tools.nrepl/0.2.13/tools.nrepl-0.2.13.pom from https://repo1.maven.org/maven2/
Downloading: binaryage/devtools/0.9.10/devtools-0.9.10.pom from https://repo.clojars.org/
Downloading: re-frame/re-frame/0.10.5/re-frame-0.10.5.pom from https://repo.clojars.org/
Downloading: reagent/reagent/0.8.0/reagent-0.8.0.pom from https://repo.clojars.org/
Downloading: orchestra/orchestra/2017.11.12-1/orchestra-2017.11.12-1.pom from https://repo.clojars.org/
Downloading: cljsjs/react-dom-server/16.3.2-0/react-dom-server-16.3.2-0.pom from https://repo.clojars.org/
Downloading: cider/cider-nrepl/0.17.0-SNAPSHOT/maven-metadata.xml from https://repo.clojars.org/
Downloading: cider/cider-nrepl/0.17.0-SNAPSHOT/cider-nrepl-0.17.0-20180507.125041-41.pom from https://repo.clojars.org/
Downloading: buddy/buddy-auth/2.1.0/buddy-auth-2.1.0.pom from https://repo.clojars.org/
Downloading: bidi/bidi/2.1.3/bidi-2.1.3.pom from https://repo.clojars.org/
Downloading: org/clojure/test.check/0.9.0/test.check-0.9.0.pom from https://repo1.maven.org/maven2/
Downloading: org/clojure/pom.contrib/0.1.2/pom.contrib-0.1.2.pom from https://repo1.maven.org/maven2/
Downloading: ch/qos/logback/logback-classic/1.2.3/logback-classic-1.2.3.pom from https://repo1.maven.org/maven2/
Downloading: ch/qos/logback/logback-parent/1.2.3/logback-parent-1.2.3.pom from https://repo1.maven.org/maven2/
Downloading: org/eclipse/jetty/jetty-server/9.3.7.v20160115/jetty-server-9.3.7.v20160115.pom from https://repo1.maven.org/maven2/
Downloading: org/eclipse/jetty/jetty-project/9.3.7.v20160115/jetty-project-9.3.7.v20160115.pom from https://repo1.maven.org/maven2/
Downloading: org/eclipse/jetty/jetty-parent/25/jetty-parent-25.pom from https://repo1.maven.org/maven2/
Downloading: com/walmartlabs/dyn-edn/0.1.0/dyn-edn-0.1.0.pom from https://repo.clojars.org/
Downloading: ring/ring-core/1.6.3/ring-core-1.6.3.pom from https://repo.clojars.org/
Downloading: clj-stacktrace/clj-stacktrace/0.2.8/clj-stacktrace-0.2.8.pom from https://repo.clojars.org/
Downloading: ns-tracker/ns-tracker/0.3.1/ns-tracker-0.3.1.pom from https://repo.clojars.org/
Downloading: cljsjs/moment/2.17.1-0/moment-2.17.1-0.pom from https://repo.clojars.org/
Downloading: ring/ring-core/1.4.0/ring-core-1.4.0.pom from https://repo.clojars.org/
Downloading: ring/ring-core/1.6.1/ring-core-1.6.1.pom from https://repo.clojars.org/
Downloading: org/clojure/tools.cli/0.3.5/tools.cli-0.3.5.pom from https://repo1.maven.org/maven2/
Downloading: org/fressian/fressian/0.6.5/fressian-0.6.5.pom from https://repo1.maven.org/maven2/
Downloading: commons-codec/commons-codec/1.10/commons-codec-1.10.pom from https://repo1.maven.org/maven2/
Downloading: org/apache/commons/commons-parent/35/commons-parent-35.pom from https://repo1.maven.org/maven2/
Downloading: org/apache/apache/15/apache-15.pom from https://repo1.maven.org/maven2/
Downloading: org/slf4j/jul-to-slf4j/1.7.7/jul-to-slf4j-1.7.7.pom from https://repo1.maven.org/maven2/
Downloading: org/slf4j/slf4j-parent/1.7.7/slf4j-parent-1.7.7.pom from https://repo1.maven.org/maven2/
Downloading: org/slf4j/log4j-over-slf4j/1.7.7/log4j-over-slf4j-1.7.7.pom from https://repo1.maven.org/maven2/
Downloading: org/slf4j/jcl-over-slf4j/1.7.7/jcl-over-slf4j-1.7.7.pom from https://repo1.maven.org/maven2/
Downloading: org/apache/activemq/artemis-core-client/1.4.0/artemis-core-client-1.4.0.pom from https://repo1.maven.org/maven2/
Downloading: org/apache/activemq/artemis-pom/1.4.0/artemis-pom-1.4.0.pom from https://repo1.maven.org/maven2/
Downloading: org/apache/apache/18/apache-18.pom from https://repo1.maven.org/maven2/
Downloading: com/h2database/h2/1.3.171/h2-1.3.171.pom from https://repo1.maven.org/maven2/
Downloading: com/datomic/datomic-lucene-core/3.3.0/datomic-lucene-core-3.3.0.pom from https://repo1.maven.org/maven2/
Downloading: org/apache/lucene/lucene-parent/3.3.0/lucene-parent-3.3.0.pom from https://repo1.maven.org/maven2/
Downloading: org/apache/lucene/lucene-solr-grandparent/3.3.0/lucene-solr-grandparent-3.3.0.pom from https://repo1.maven.org/maven2/
Downloading: org/apache/apache/8/apache-8.pom from https://repo1.maven.org/maven2/
Downloading: com/google/guava/guava/18.0/guava-18.0.pom from https://repo1.maven.org/maven2/
Downloading: com/google/guava/guava-parent/18.0/guava-parent-18.0.pom from https://repo1.maven.org/maven2/
Downloading: org/apache/tomcat/tomcat-jdbc/7.0.27/tomcat-jdbc-7.0.27.pom from https://repo1.maven.org/maven2/
Downloading: org/codehaus/janino/commons-compiler-jdk/2.6.1/commons-compiler-jdk-2.6.1.pom from https://repo1.maven.org/maven2/
Downloading: org/codehaus/janino/janino-parent/2.6.1/janino-parent-2.6.1.pom from https://repo1.maven.org/maven2/
Downloading: org/codehaus/codehaus-parent/4/codehaus-parent-4.pom from https://repo1.maven.org/maven2/
Downloading: org/clojure/core.async/0.4.474/core.async-0.4.474.pom from https://repo1.maven.org/maven2/
Downloading: com/stuartsierra/component/0.3.2/component-0.3.2.pom from https://repo.clojars.org/
Downloading: suspendable/suspendable/0.1.1/suspendable-0.1.1.pom from https://repo.clojars.org/
Downloading: http-kit/http-kit/2.2.0/http-kit-2.2.0.pom from https://repo.clojars.org/
Downloading: ring-cors/ring-cors/0.1.11/ring-cors-0.1.11.pom from https://repo.clojars.org/
Downloading: figwheel/figwheel/0.5.15/figwheel-0.5.15.pom from https://repo.clojars.org/
Downloading: hawk/hawk/0.2.11/hawk-0.2.11.pom from https://repo.clojars.org/
Downloading: simple-lein-profile-merge/simple-lein-profile-merge/0.1.4/simple-lein-profile-merge-0.1.4.pom from https://repo.clojars.org/
Downloading: strictly-specking-standalone/strictly-specking-standalone/0.1.1/strictly-specking-standalone-0.1.1.pom from https://repo.clojars.org/
Downloading: re-frisk-shell/re-frisk-shell/0.5.2/re-frisk-shell-0.5.2.pom from https://repo.clojars.org/
Downloading: com/cognitect/transit-cljs/0.8.243/transit-cljs-0.8.243.pom from https://repo1.maven.org/maven2/
Downloading: com/google/javascript/closure-compiler-unshaded/v20180204/closure-compiler-unshaded-v20180204.pom from https://repo1.maven.org/maven2/
Downloading: com/google/javascript/closure-compiler-main/v20180204/closure-compiler-main-v20180204.pom from https://repo1.maven.org/maven2/
Downloading: com/google/javascript/closure-compiler-parent/v20180204/closure-compiler-parent-v20180204.pom from https://repo1.maven.org/maven2/
Downloading: org/sonatype/oss/oss-parent/9/oss-parent-9.pom from https://repo1.maven.org/maven2/
Downloading: org/clojure/google-closure-library/0.0-20170809-b9c14c6b/google-closure-library-0.0-20170809-b9c14c6b.pom from https://repo1.maven.org/maven2/
Downloading: org/clojure/data.json/0.2.6/data.json-0.2.6.pom from https://repo1.maven.org/maven2/
Downloading: org/mozilla/rhino/1.7R5/rhino-1.7R5.pom from https://repo1.maven.org/maven2/
Downloading: org/clojure/tools.reader/1.3.0-alpha3/tools.reader-1.3.0-alpha3.pom from https://repo1.maven.org/maven2/
Downloading: com/cognitect/transit-clj/0.8.300/transit-clj-0.8.300.pom from https://repo1.maven.org/maven2/
Downloading: ring/ring-servlet/1.6.3/ring-servlet-1.6.3.pom from https://repo.clojars.org/
Downloading: nrepl/nrepl/0.4.4/nrepl-0.4.4.pom from https://repo.clojars.org/
Downloading: joda-time/joda-time/2.9.9/joda-time-2.9.9.pom from https://repo1.maven.org/maven2/
Downloading: cheshire/cheshire/5.7.1/cheshire-5.7.1.pom from https://repo.clojars.org/
Downloading: net/colourcoding/poppea/0.2.1/poppea-0.2.1.pom from https://repo.clojars.org/
Downloading: org/apache/httpcomponents/httpasyncclient/4.1.3/httpasyncclient-4.1.3.pom from https://repo1.maven.org/maven2/
Downloading: org/apache/httpcomponents/httpcomponents-asyncclient/4.1.3/httpcomponents-asyncclient-4.1.3.pom from https://repo1.maven.org/maven2/
Downloading: org/apache/httpcomponents/project/7/project-7.pom from https://repo1.maven.org/maven2/
Downloading: org/apache/apache/13/apache-13.pom from https://repo1.maven.org/maven2/
Downloading: org/apache/httpcomponents/httpcore/4.4.6/httpcore-4.4.6.pom from https://repo1.maven.org/maven2/
Downloading: org/apache/httpcomponents/httpcomponents-core/4.4.6/httpcomponents-core-4.4.6.pom from https://repo1.maven.org/maven2/
Downloading: com/stuartsierra/dependency/0.2.0/dependency-0.2.0.pom from https://repo.clojars.org/
Downloading: buddy/buddy-core/1.4.0/buddy-core-1.4.0.pom from https://repo.clojars.org/
Downloading: clojurewerkz/scrypt/1.2.0/scrypt-1.2.0.pom from https://repo.clojars.org/
Downloading: com/cognitect/anomalies/0.1.12/anomalies-0.1.12.pom from https://repo1.maven.org/maven2/
Downloading: com/datomic/client/0.8.37/client-0.8.37.pom from https://repo1.maven.org/maven2/
Downloading: com/datomic/client-impl-shared/0.8.32/client-impl-shared-0.8.32.pom from https://repo1.maven.org/maven2/
Downloading: org/clojure/core.async/0.3.442/core.async-0.3.442.pom from https://repo1.maven.org/maven2/
Downloading: org/clojure/pom.contrib/0.2.0/pom.contrib-0.2.0.pom from https://repo1.maven.org/maven2/
Downloading: binaryage/env-config/0.2.2/env-config-0.2.2.pom from https://repo.clojars.org/
Downloading: net/cgrand/macrovich/0.2.0/macrovich-0.2.0.pom from https://repo.clojars.org/
Downloading: cljsjs/create-react-class/15.6.2-0/create-react-class-15.6.2-0.pom from https://repo.clojars.org/
Downloading: buddy/buddy-sign/2.2.0/buddy-sign-2.2.0.pom from https://repo.clojars.org/
Downloading: funcool/cuerdas/2.0.3/cuerdas-2.0.3.pom from https://repo.clojars.org/
Downloading: clout/clout/2.1.2/clout-2.1.2.pom from https://repo.clojars.org/
Downloading: prismatic/schema/1.1.3/schema-1.1.3.pom from https://repo.clojars.org/
Downloading: ring/ring-core/1.5.0/ring-core-1.5.0.pom from https://repo.clojars.org/
Downloading: ch/qos/logback/logback-core/1.2.3/logback-core-1.2.3.pom from https://repo1.maven.org/maven2/
Downloading: javax/servlet/javax.servlet-api/3.1.0/javax.servlet-api-3.1.0.pom from https://repo1.maven.org/maven2/
Downloading: net/java/jvnet-parent/3/jvnet-parent-3.pom from https://repo1.maven.org/maven2/
Downloading: org/eclipse/jetty/jetty-http/9.3.7.v20160115/jetty-http-9.3.7.v20160115.pom from https://repo1.maven.org/maven2/
Downloading: org/eclipse/jetty/jetty-io/9.3.7.v20160115/jetty-io-9.3.7.v20160115.pom from https://repo1.maven.org/maven2/
Downloading: ring/ring-codec/1.0.1/ring-codec-1.0.1.pom from https://repo.clojars.org/
Downloading: commons-io/commons-io/2.5/commons-io-2.5.pom from https://repo1.maven.org/maven2/
Downloading: org/apache/commons/commons-parent/39/commons-parent-39.pom from https://repo1.maven.org/maven2/
Downloading: org/apache/apache/16/apache-16.pom from https://repo1.maven.org/maven2/
Downloading: commons-fileupload/commons-fileupload/1.3.3/commons-fileupload-1.3.3.pom from https://repo1.maven.org/maven2/
Downloading: org/apache/commons/commons-parent/41/commons-parent-41.pom from https://repo1.maven.org/maven2/
Downloading: crypto-random/crypto-random/1.2.0/crypto-random-1.2.0.pom from https://repo.clojars.org/
Downloading: crypto-equality/crypto-equality/1.0.0/crypto-equality-1.0.0.pom from https://repo.clojars.org/
Downloading: org/clojure/tools.namespace/0.2.11/tools.namespace-0.2.11.pom from https://repo1.maven.org/maven2/
Downloading: org/clojure/java.classpath/0.2.3/java.classpath-0.2.3.pom from https://repo1.maven.org/maven2/
Downloading: org/slf4j/slf4j-api/1.7.7/slf4j-api-1.7.7.pom from https://repo1.maven.org/maven2/
Downloading: org/apache/activemq/artemis-commons/1.4.0/artemis-commons-1.4.0.pom from https://repo1.maven.org/maven2/
Downloading: io/netty/netty-all/4.0.39.Final/netty-all-4.0.39.Final.pom from https://repo1.maven.org/maven2/
Downloading: io/netty/netty-parent/4.0.39.Final/netty-parent-4.0.39.Final.pom from https://repo1.maven.org/maven2/
Downloading: org/apache/geronimo/specs/geronimo-json_1.0_spec/1.0-alpha-1/geronimo-json_1.0_spec-1.0-alpha-1.pom from https://repo1.maven.org/maven2/
Downloading: org/apache/geronimo/genesis/genesis-java6-flava/2.2/genesis-java6-flava-2.2.pom from https://repo1.maven.org/maven2/
Downloading: org/apache/geronimo/genesis/genesis-default-flava/2.2/genesis-default-flava-2.2.pom from https://repo1.maven.org/maven2/
Downloading: org/apache/geronimo/genesis/genesis/2.2/genesis-2.2.pom from https://repo1.maven.org/maven2/
Downloading: org/apache/apache/14/apache-14.pom from https://repo1.maven.org/maven2/
Downloading: org/apache/johnzon/johnzon-core/0.9.4/johnzon-core-0.9.4.pom from https://repo1.maven.org/maven2/
Downloading: org/apache/johnzon/johnzon/0.9.4/johnzon-0.9.4.pom from https://repo1.maven.org/maven2/
Downloading: org/apache/apache/17/apache-17.pom from https://repo1.maven.org/maven2/
Downloading: org/apache/tomcat/tomcat-juli/7.0.27/tomcat-juli-7.0.27.pom from https://repo1.maven.org/maven2/
Downloading: org/codehaus/janino/commons-compiler/2.6.1/commons-compiler-2.6.1.pom from https://repo1.maven.org/maven2/
Downloading: org/clojure/tools.analyzer.jvm/0.7.0/tools.analyzer.jvm-0.7.0.pom from https://repo1.maven.org/maven2/
Downloading: net/incongru/watchservice/barbary-watchservice/1.0/barbary-watchservice-1.0.pom from https://repo1.maven.org/maven2/
Downloading: net/cgrand/parsley/0.9.3/parsley-0.9.3.pom from https://repo.clojars.org/
Downloading: net/cgrand/sjacket/0.1.1/sjacket-0.1.1.pom from https://repo.clojars.org/
Downloading: org/clojure/clojure/maven-metadata.xml from https://repo.clojars.org/
Downloading: org/clojure/clojure/maven-metadata.xml from https://repo1.maven.org/maven2/
Downloading: re-com/re-com/2.1.0/re-com-2.1.0.pom from https://repo.clojars.org/
Downloading: com/cognitect/transit-js/0.8.846/transit-js-0.8.846.pom from https://repo1.maven.org/maven2/
Downloading: com/google/javascript/closure-compiler-externs/v20180204/closure-compiler-externs-v20180204.pom from https://repo1.maven.org/maven2/
Downloading: args4j/args4j/2.33/args4j-2.33.pom from https://repo1.maven.org/maven2/
Downloading: args4j/args4j-site/2.33/args4j-site-2.33.pom from https://repo1.maven.org/maven2/
Downloading: org/kohsuke/pom/14/pom-14.pom from https://repo1.maven.org/maven2/
Downloading: com/google/errorprone/error_prone_annotations/2.0.18/error_prone_annotations-2.0.18.pom from https://repo1.maven.org/maven2/
Downloading: com/google/errorprone/error_prone_parent/2.0.18/error_prone_parent-2.0.18.pom from https://repo1.maven.org/maven2/
Downloading: com/google/guava/guava/22.0/guava-22.0.pom from https://repo1.maven.org/maven2/
Downloading: com/google/guava/guava-parent/22.0/guava-parent-22.0.pom from https://repo1.maven.org/maven2/
Downloading: com/google/protobuf/protobuf-java/3.0.2/protobuf-java-3.0.2.pom from https://repo1.maven.org/maven2/
Downloading: com/google/protobuf/protobuf-parent/3.0.2/protobuf-parent-3.0.2.pom from https://repo1.maven.org/maven2/
Downloading: com/google/google/1/google-1.pom from https://repo1.maven.org/maven2/
Downloading: com/google/code/gson/gson/2.7/gson-2.7.pom from https://repo1.maven.org/maven2/
Downloading: com/google/code/gson/gson-parent/2.7/gson-parent-2.7.pom from https://repo1.maven.org/maven2/
Downloading: com/google/code/findbugs/jsr305/3.0.1/jsr305-3.0.1.pom from https://repo1.maven.org/maven2/
Downloading: com/google/jsinterop/jsinterop-annotations/1.0.0/jsinterop-annotations-1.0.0.pom from https://repo1.maven.org/maven2/
Downloading: com/google/jsinterop/jsinterop/1.0.0/jsinterop-1.0.0.pom from https://repo1.maven.org/maven2/
Downloading: org/sonatype/oss/oss-parent/4/oss-parent-4.pom from https://repo1.maven.org/maven2/
Downloading: org/clojure/google-closure-library-third-party/0.0-20170809-b9c14c6b/google-closure-library-third-party-0.0-20170809-b9c14c6b.pom from https://repo1.maven.org/maven2/
Downloading: com/cognitect/transit-java/0.8.324/transit-java-0.8.324.pom from https://repo1.maven.org/maven2/
Downloading: com/fasterxml/jackson/core/jackson-core/2.8.6/jackson-core-2.8.6.pom from https://repo1.maven.org/maven2/
Downloading: com/fasterxml/jackson/jackson-parent/2.8/jackson-parent-2.8.pom from https://repo1.maven.org/maven2/
Downloading: com/fasterxml/oss-parent/27/oss-parent-27.pom from https://repo1.maven.org/maven2/
Downloading: com/fasterxml/jackson/dataformat/jackson-dataformat-smile/2.8.6/jackson-dataformat-smile-2.8.6.pom from https://repo1.maven.org/maven2/
Downloading: com/fasterxml/jackson/dataformat/jackson-dataformats-binary/2.8.6/jackson-dataformats-binary-2.8.6.pom from https://repo1.maven.org/maven2/
Downloading: com/fasterxml/jackson/dataformat/jackson-dataformat-cbor/2.8.6/jackson-dataformat-cbor-2.8.6.pom from https://repo1.maven.org/maven2/
Downloading: tigris/tigris/0.1.1/tigris-0.1.1.pom from https://repo.clojars.org/
Downloading: org/apache/httpcomponents/httpcore-nio/4.4.6/httpcore-nio-4.4.6.pom from https://repo1.maven.org/maven2/
Downloading: org/apache/httpcomponents/httpclient/4.5.3/httpclient-4.5.3.pom from https://repo1.maven.org/maven2/
Downloading: org/apache/httpcomponents/httpcomponents-client/4.5.3/httpcomponents-client-4.5.3.pom from https://repo1.maven.org/maven2/
Downloading: commons-logging/commons-logging/1.2/commons-logging-1.2.pom from https://repo1.maven.org/maven2/
Downloading: org/apache/commons/commons-parent/34/commons-parent-34.pom from https://repo1.maven.org/maven2/
Downloading: org/bouncycastle/bcprov-jdk15on/1.58/bcprov-jdk15on-1.58.pom from https://repo1.maven.org/maven2/
Downloading: org/bouncycastle/bcpkix-jdk15on/1.58/bcpkix-jdk15on-1.58.pom from https://repo1.maven.org/maven2/
Downloading: com/lambdaworks/scrypt/1.4.0/scrypt-1.4.0.pom from https://repo1.maven.org/maven2/
Downloading: com/cognitect/http-client/0.1.83/http-client-0.1.83.pom from https://repo1.maven.org/maven2/
Downloading: com/datomic/client-impl-shared/0.8.29/client-impl-shared-0.8.29.pom from https://repo1.maven.org/maven2/
Downloading: com/cognitect/hmac-authn/0.1.194/hmac-authn-0.1.194.pom from https://repo1.maven.org/maven2/
Downloading: com/cognitect/transit-clj/0.8.285/transit-clj-0.8.285.pom from https://repo1.maven.org/maven2/
Downloading: org/clojure/tools.reader/1.0.5/tools.reader-1.0.5.pom from https://repo1.maven.org/maven2/
Downloading: cheshire/cheshire/5.8.0/cheshire-5.8.0.pom from https://repo.clojars.org/
Downloading: instaparse/instaparse/1.4.0/instaparse-1.4.0.pom from https://repo.clojars.org/
Downloading: org/eclipse/jetty/jetty-util/9.3.7.v20160115/jetty-util-9.3.7.v20160115.pom from https://repo1.maven.org/maven2/
Downloading: commons-codec/commons-codec/1.6/commons-codec-1.6.pom from https://repo1.maven.org/maven2/
Downloading: org/apache/commons/commons-parent/22/commons-parent-22.pom from https://repo1.maven.org/maven2/
Downloading: org/apache/apache/9/apache-9.pom from https://repo1.maven.org/maven2/
Downloading: commons-io/commons-io/2.2/commons-io-2.2.pom from https://repo1.maven.org/maven2/
Downloading: org/apache/commons/commons-parent/24/commons-parent-24.pom from https://repo1.maven.org/maven2/
Downloading: org/jboss/logging/jboss-logging/3.3.0.Final/jboss-logging-3.3.0.Final.pom from https://repo1.maven.org/maven2/
Downloading: org/jboss/jboss-parent/15/jboss-parent-15.pom from https://repo1.maven.org/maven2/
Downloading: commons-beanutils/commons-beanutils/1.9.2/commons-beanutils-1.9.2.pom from https://repo1.maven.org/maven2/
Downloading: org/apache/commons/commons-parent/33/commons-parent-33.pom from https://repo1.maven.org/maven2/
Downloading: org/clojure/tools.analyzer/0.6.9/tools.analyzer-0.6.9.pom from https://repo1.maven.org/maven2/
Downloading: org/clojure/core.memoize/0.5.9/core.memoize-0.5.9.pom from https://repo1.maven.org/maven2/
Downloading: org/ow2/asm/asm-all/4.2/asm-all-4.2.pom from https://repo1.maven.org/maven2/
Downloading: org/ow2/asm/asm-parent/4.2/asm-parent-4.2.pom from https://repo1.maven.org/maven2/
Downloading: org/ow2/ow2/1.3/ow2-1.3.pom from https://repo1.maven.org/maven2/
Downloading: net/java/dev/jna/jna/3.2.2/jna-3.2.2.pom from https://repo1.maven.org/maven2/
Downloading: net/cgrand/regex/1.1.0/regex-1.1.0.pom from https://repo.clojars.org/
Downloading: org/clojure/core.async/0.2.395/core.async-0.2.395.pom from https://repo1.maven.org/maven2/
Downloading: com/andrewmcveigh/cljs-time/0.4.0/cljs-time-0.4.0.pom from https://repo.clojars.org/
Downloading: com/google/code/findbugs/jsr305/1.3.9/jsr305-1.3.9.pom from https://repo1.maven.org/maven2/
Downloading: com/google/j2objc/j2objc-annotations/1.1/j2objc-annotations-1.1.pom from https://repo1.maven.org/maven2/
Downloading: org/codehaus/mojo/animal-sniffer-annotations/1.14/animal-sniffer-annotations-1.14.pom from https://repo1.maven.org/maven2/
Downloading: org/codehaus/mojo/animal-sniffer-parent/1.14/animal-sniffer-parent-1.14.pom from https://repo1.maven.org/maven2/
Downloading: org/codehaus/mojo/mojo-parent/34/mojo-parent-34.pom from https://repo1.maven.org/maven2/
Downloading: com/fasterxml/jackson/core/jackson-core/2.8.7/jackson-core-2.8.7.pom from https://repo1.maven.org/maven2/
Downloading: org/msgpack/msgpack/0.6.12/msgpack-0.6.12.pom from https://repo1.maven.org/maven2/
Downloading: commons-codec/commons-codec/1.9/commons-codec-1.9.pom from https://repo1.maven.org/maven2/
Downloading: org/apache/commons/commons-parent/32/commons-parent-32.pom from https://repo1.maven.org/maven2/
Downloading: org/eclipse/jetty/jetty-client/9.3.7.v20160115/jetty-client-9.3.7.v20160115.pom from https://repo1.maven.org/maven2/
Downloading: com/fasterxml/jackson/core/jackson-core/2.9.0/jackson-core-2.9.0.pom from https://repo1.maven.org/maven2/
Downloading: com/fasterxml/jackson/jackson-parent/2.9.0/jackson-parent-2.9.0.pom from https://repo1.maven.org/maven2/
Downloading: com/fasterxml/oss-parent/28/oss-parent-28.pom from https://repo1.maven.org/maven2/
Downloading: com/fasterxml/jackson/dataformat/jackson-dataformat-smile/2.9.0/jackson-dataformat-smile-2.9.0.pom from https://repo1.maven.org/maven2/
Downloading: com/fasterxml/jackson/dataformat/jackson-dataformats-binary/2.9.0/jackson-dataformats-binary-2.9.0.pom from https://repo1.maven.org/maven2/
Downloading: com/fasterxml/jackson/jackson-bom/2.9.0/jackson-bom-2.9.0.pom from https://repo1.maven.org/maven2/
Downloading: com/fasterxml/jackson/dataformat/jackson-dataformat-cbor/2.9.0/jackson-dataformat-cbor-2.9.0.pom from https://repo1.maven.org/maven2/
Downloading: commons-collections/commons-collections/3.2.1/commons-collections-3.2.1.pom from https://repo1.maven.org/maven2/
Downloading: org/apache/commons/commons-parent/9/commons-parent-9.pom from https://repo1.maven.org/maven2/
Downloading: org/apache/apache/4/apache-4.pom from https://repo1.maven.org/maven2/
Downloading: org/clojure/core.cache/0.6.5/core.cache-0.6.5.pom from https://repo1.maven.org/maven2/
Downloading: com/googlecode/json-simple/json-simple/1.1.1/json-simple-1.1.1.pom from https://repo1.maven.org/maven2/
Downloading: org/javassist/javassist/3.18.1-GA/javassist-3.18.1-GA.pom from https://repo1.maven.org/maven2/
Downloading: org/clojure/data.priority-map/0.0.7/data.priority-map-0.0.7.pom from https://repo1.maven.org/maven2/
Downloading: com/cognitect/transit-java/0.8.324/transit-java-0.8.324.jar from https://repo1.maven.org/maven2/
Downloading: org/bouncycastle/bcprov-jdk15on/1.58/bcprov-jdk15on-1.58.jar from https://repo1.maven.org/maven2/
Downloading: buddy/buddy-core/1.4.0/buddy-core-1.4.0.jar from https://repo.clojars.org/
Downloading: org/clojure/data.json/0.2.6/data.json-0.2.6.jar from https://repo1.maven.org/maven2/
Downloading: net/cgrand/sjacket/0.1.1/sjacket-0.1.1.jar from https://repo.clojars.org/
Downloading: cljsjs/moment/2.17.1-0/moment-2.17.1-0.jar from https://repo.clojars.org/
Downloading: joda-time/joda-time/2.9.9/joda-time-2.9.9.jar from https://repo1.maven.org/maven2/
Downloading: commons-codec/commons-codec/1.10/commons-codec-1.10.jar from https://repo1.maven.org/maven2/
Downloading: org/clojure/tools.analyzer/0.6.9/tools.analyzer-0.6.9.jar from https://repo1.maven.org/maven2/
Downloading: org/apache/tomcat/tomcat-juli/7.0.27/tomcat-juli-7.0.27.jar from https://repo1.maven.org/maven2/
Downloading: ring/ring-devel/1.6.3/ring-devel-1.6.3.jar from https://repo.clojars.org/
Downloading: com/google/errorprone/error_prone_annotations/2.0.18/error_prone_annotations-2.0.18.jar from https://repo1.maven.org/maven2/
Downloading: org/clojure/tools.logging/0.4.0/tools.logging-0.4.0.jar from https://repo1.maven.org/maven2/
Downloading: org/bouncycastle/bcpkix-jdk15on/1.58/bcpkix-jdk15on-1.58.jar from https://repo1.maven.org/maven2/
Downloading: cljsjs/react-dates/12.2.4-1/react-dates-12.2.4-1.jar from https://repo.clojars.org/
Downloading: expound/expound/0.6.0/expound-0.6.0.jar from https://repo.clojars.org/
Downloading: ring-cljsjs/ring-cljsjs/0.1.0/ring-cljsjs-0.1.0.jar from https://repo.clojars.org/
Downloading: org/clojure/tools.cli/0.3.5/tools.cli-0.3.5.jar from https://repo1.maven.org/maven2/
Downloading: ataraxy/ataraxy/0.4.0/ataraxy-0.4.0.jar from https://repo.clojars.org/
Downloading: suspendable/suspendable/0.1.1/suspendable-0.1.1.jar from https://repo.clojars.org/
Downloading: commons-fileupload/commons-fileupload/1.3.3/commons-fileupload-1.3.3.jar from https://repo1.maven.org/maven2/
Downloading: org/codehaus/mojo/animal-sniffer-annotations/1.14/animal-sniffer-annotations-1.14.jar from https://repo1.maven.org/maven2/
Downloading: org/eclipse/jetty/jetty-http/9.3.7.v20160115/jetty-http-9.3.7.v20160115.jar from https://repo1.maven.org/maven2/
Downloading: day8/re-frame/http-fx/0.1.6/http-fx-0.1.6.jar from https://repo.clojars.org/
Downloading: org/eclipse/jetty/jetty-util/9.3.7.v20160115/jetty-util-9.3.7.v20160115.jar from https://repo1.maven.org/maven2/
Downloading: com/datomic/datomic-free/0.9.5697/datomic-free-0.9.5697.jar from https://repo.clojars.org/
Downloading: org/slf4j/jcl-over-slf4j/1.7.7/jcl-over-slf4j-1.7.7.jar from https://repo1.maven.org/maven2/
Downloading: figwheel-sidecar/figwheel-sidecar/0.5.15/figwheel-sidecar-0.5.15.jar from https://repo.clojars.org/
Downloading: org/apache/httpcomponents/httpasyncclient/4.1.3/httpasyncclient-4.1.3.jar from https://repo1.maven.org/maven2/
Downloading: org/clojure/tools.analyzer.jvm/0.7.0/tools.analyzer.jvm-0.7.0.jar from https://repo1.maven.org/maven2/
Downloading: cljsjs/prop-types/15.6.1-0/prop-types-15.6.1-0.jar from https://repo.clojars.org/
Downloading: net/incongru/watchservice/barbary-watchservice/1.0/barbary-watchservice-1.0.jar from https://repo1.maven.org/maven2/
Downloading: com/cognitect/hmac-authn/0.1.194/hmac-authn-0.1.194.jar from https://repo1.maven.org/maven2/
Downloading: cljsjs/react-dom/16.3.2-0/react-dom-16.3.2-0.jar from https://repo.clojars.org/
Downloading: re-frisk/re-frisk/0.5.3/re-frisk-0.5.3.jar from https://repo.clojars.org/
Downloading: kibu/pushy/0.3.8/pushy-0.3.8.jar from https://repo.clojars.org/
Downloading: com/cognitect/anomalies/0.1.12/anomalies-0.1.12.jar from https://repo1.maven.org/maven2/
Downloading: ring-cors/ring-cors/0.1.11/ring-cors-0.1.11.jar from https://repo.clojars.org/
Downloading: com/fasterxml/jackson/dataformat/jackson-dataformat-cbor/2.9.0/jackson-dataformat-cbor-2.9.0.jar from https://repo1.maven.org/maven2/
Downloading: net/cgrand/parsley/0.9.3/parsley-0.9.3.jar from https://repo.clojars.org/
Downloading: com/googlecode/json-simple/json-simple/1.1.1/json-simple-1.1.1.jar from https://repo1.maven.org/maven2/
Downloading: com/cognitect/transit-cljs/0.8.243/transit-cljs-0.8.243.jar from https://repo1.maven.org/maven2/
Downloading: org/clojure/google-closure-library/0.0-20170809-b9c14c6b/google-closure-library-0.0-20170809-b9c14c6b.jar from https://repo1.maven.org/maven2/
Downloading: com/h2database/h2/1.3.171/h2-1.3.171.jar from https://repo1.maven.org/maven2/
Downloading: org/apache/johnzon/johnzon-core/0.9.4/johnzon-core-0.9.4.jar from https://repo1.maven.org/maven2/
Downloading: org/apache/activemq/artemis-commons/1.4.0/artemis-commons-1.4.0.jar from https://repo1.maven.org/maven2/
Downloading: cljsjs/showdown/1.4.2-0/showdown-1.4.2-0.jar from https://repo.clojars.org/
Downloading: ch/qos/logback/logback-core/1.2.3/logback-core-1.2.3.jar from https://repo1.maven.org/maven2/
Downloading: org/clojure/clojurescript/1.10.238/clojurescript-1.10.238.jar from https://repo1.maven.org/maven2/
Downloading: org/apache/httpcomponents/httpcore-nio/4.4.6/httpcore-nio-4.4.6.jar from https://repo1.maven.org/maven2/
Downloading: ring/ring-jetty-adapter/1.6.3/ring-jetty-adapter-1.6.3.jar from https://repo.clojars.org/
Downloading: com/stuartsierra/component/0.3.2/component-0.3.2.jar from https://repo.clojars.org/
Downloading: net/colourcoding/poppea/0.2.1/poppea-0.2.1.jar from https://repo.clojars.org/
Downloading: commons-io/commons-io/2.5/commons-io-2.5.jar from https://repo1.maven.org/maven2/
Downloading: org/clojure/tools.namespace/0.2.11/tools.namespace-0.2.11.jar from https://repo1.maven.org/maven2/
Downloading: com/google/jsinterop/jsinterop-annotations/1.0.0/jsinterop-annotations-1.0.0.jar from https://repo1.maven.org/maven2/
Downloading: refactor-nrepl/refactor-nrepl/2.4.0-SNAPSHOT/refactor-nrepl-2.4.0-20180807.101401-10.jar from https://repo.clojars.org/
Downloading: org/apache/tomcat/tomcat-jdbc/7.0.27/tomcat-jdbc-7.0.27.jar from https://repo1.maven.org/maven2/
Downloading: org/jboss/logging/jboss-logging/3.3.0.Final/jboss-logging-3.3.0.Final.jar from https://repo1.maven.org/maven2/
Downloading: com/fasterxml/jackson/core/jackson-core/2.9.0/jackson-core-2.9.0.jar from https://repo1.maven.org/maven2/
Downloading: clj-time/clj-time/0.14.3/clj-time-0.14.3.jar from https://repo.clojars.org/
Downloading: org/slf4j/jul-to-slf4j/1.7.7/jul-to-slf4j-1.7.7.jar from https://repo1.maven.org/maven2/
Downloading: figwheel/figwheel/0.5.15/figwheel-0.5.15.jar from https://repo.clojars.org/
Downloading: cljs-ajax/cljs-ajax/0.7.3/cljs-ajax-0.7.3.jar from https://repo.clojars.org/
Downloading: commons-collections/commons-collections/3.2.1/commons-collections-3.2.1.jar from https://repo1.maven.org/maven2/
Downloading: cljsjs/react/16.3.2-0/react-16.3.2-0.jar from https://repo.clojars.org/
Downloading: org/apache/httpcomponents/httpcore/4.4.6/httpcore-4.4.6.jar from https://repo1.maven.org/maven2/
Downloading: instaparse/instaparse/1.4.0/instaparse-1.4.0.jar from https://repo.clojars.org/
Downloading: integrant/integrant/0.6.3/integrant-0.6.3.jar from https://repo.clojars.org/
Downloading: org/apache/geronimo/specs/geronimo-json_1.0_spec/1.0-alpha-1/geronimo-json_1.0_spec-1.0-alpha-1.jar from https://repo1.maven.org/maven2/
Downloading: buddy/buddy-hashers/1.3.0/buddy-hashers-1.3.0.jar from https://repo.clojars.org/
Downloading: com/datomic/client-pro/0.8.14/client-pro-0.8.14.jar from https://repo1.maven.org/maven2/
Downloading: com/lambdaworks/scrypt/1.4.0/scrypt-1.4.0.jar from https://repo1.maven.org/maven2/
Downloading: re-com/re-com/2.1.0/re-com-2.1.0.jar from https://repo.clojars.org/
Downloading: com/cognitect/transit-js/0.8.846/transit-js-0.8.846.jar from https://repo1.maven.org/maven2/
Downloading: org/mozilla/rhino/1.7R5/rhino-1.7R5.jar from https://repo1.maven.org/maven2/
Downloading: clojurewerkz/scrypt/1.2.0/scrypt-1.2.0.jar from https://repo.clojars.org/
Downloading: com/datomic/client/0.8.37/client-0.8.37.jar from https://repo1.maven.org/maven2/
Downloading: funcool/cuerdas/2.0.3/cuerdas-2.0.3.jar from https://repo.clojars.org/
Downloading: org/clojure/google-closure-library-third-party/0.0-20170809-b9c14c6b/google-closure-library-third-party-0.0-20170809-b9c14c6b.jar from https://repo1.maven.org/maven2/
Downloading: hiccup/hiccup/1.0.5/hiccup-1.0.5.jar from https://repo.clojars.org/
Downloading: binaryage/env-config/0.2.2/env-config-0.2.2.jar from https://repo.clojars.org/
Downloading: re-frisk-shell/re-frisk-shell/0.5.2/re-frisk-shell-0.5.2.jar from https://repo.clojars.org/
Downloading: com/cognitect/http-client/0.1.83/http-client-0.1.83.jar from https://repo1.maven.org/maven2/
Downloading: com/google/javascript/closure-compiler-externs/v20180204/closure-compiler-externs-v20180204.jar from https://repo1.maven.org/maven2/
Downloading: org/javassist/javassist/3.18.1-GA/javassist-3.18.1-GA.jar from https://repo1.maven.org/maven2/
Downloading: org/clojure/java.classpath/0.2.3/java.classpath-0.2.3.jar from https://repo1.maven.org/maven2/
Downloading: ns-tracker/ns-tracker/0.3.1/ns-tracker-0.3.1.jar from https://repo.clojars.org/
Downloading: clout/clout/2.1.2/clout-2.1.2.jar from https://repo.clojars.org/
Downloading: org/clojure/tools.nrepl/0.2.13/tools.nrepl-0.2.13.jar from https://repo1.maven.org/maven2/
Downloading: commons-logging/commons-logging/1.2/commons-logging-1.2.jar from https://repo1.maven.org/maven2/
Downloading: com/google/guava/guava/22.0/guava-22.0.jar from https://repo1.maven.org/maven2/
Downloading: simple-lein-profile-merge/simple-lein-profile-merge/0.1.4/simple-lein-profile-merge-0.1.4.jar from https://repo.clojars.org/
Downloading: binaryage/devtools/0.9.10/devtools-0.9.10.jar from https://repo.clojars.org/
Downloading: net/cgrand/macrovich/0.2.0/macrovich-0.2.0.jar from https://repo.clojars.org/
Downloading: re-frame/re-frame/0.10.5/re-frame-0.10.5.jar from https://repo.clojars.org/
Downloading: reagent/reagent/0.8.0/reagent-0.8.0.jar from https://repo.clojars.org/
Downloading: commons-beanutils/commons-beanutils/1.9.2/commons-beanutils-1.9.2.jar from https://repo1.maven.org/maven2/
Downloading: org/msgpack/msgpack/0.6.12/msgpack-0.6.12.jar from https://repo1.maven.org/maven2/
Downloading: com/datomic/client-impl-shared/0.8.32/client-impl-shared-0.8.32.jar from https://repo1.maven.org/maven2/
Downloading: orchestra/orchestra/2017.11.12-1/orchestra-2017.11.12-1.jar from https://repo.clojars.org/
Downloading: com/google/j2objc/j2objc-annotations/1.1/j2objc-annotations-1.1.jar from https://repo1.maven.org/maven2/
Downloading: strictly-specking-standalone/strictly-specking-standalone/0.1.1/strictly-specking-standalone-0.1.1.jar from https://repo.clojars.org/
Downloading: com/cognitect/transit-clj/0.8.300/transit-clj-0.8.300.jar from https://repo1.maven.org/maven2/
Downloading: args4j/args4j/2.33/args4j-2.33.jar from https://repo1.maven.org/maven2/
Downloading: net/cgrand/regex/1.1.0/regex-1.1.0.jar from https://repo.clojars.org/
Downloading: org/fressian/fressian/0.6.5/fressian-0.6.5.jar from https://repo1.maven.org/maven2/
Downloading: cljsjs/react-dom-server/16.3.2-0/react-dom-server-16.3.2-0.jar from https://repo.clojars.org/
Downloading: crypto-random/crypto-random/1.2.0/crypto-random-1.2.0.jar from https://repo.clojars.org/
Downloading: cider/cider-nrepl/0.17.0-SNAPSHOT/cider-nrepl-0.17.0-20180507.125041-41.jar from https://repo.clojars.org/
Downloading: ring/ring-codec/1.0.1/ring-codec-1.0.1.jar from https://repo.clojars.org/
Downloading: org/apache/httpcomponents/httpclient/4.5.3/httpclient-4.5.3.jar from https://repo1.maven.org/maven2/
Downloading: prismatic/schema/1.1.3/schema-1.1.3.jar from https://repo.clojars.org/
Downloading: crypto-equality/crypto-equality/1.0.0/crypto-equality-1.0.0.jar from https://repo.clojars.org/
Downloading: net/java/dev/jna/jna/3.2.2/jna-3.2.2.jar from https://repo1.maven.org/maven2/
Downloading: cheshire/cheshire/5.8.0/cheshire-5.8.0.jar from https://repo.clojars.org/
Downloading: tigris/tigris/0.1.1/tigris-0.1.1.jar from https://repo.clojars.org/
Downloading: org/eclipse/jetty/jetty-client/9.3.7.v20160115/jetty-client-9.3.7.v20160115.jar from https://repo1.maven.org/maven2/
Downloading: com/andrewmcveigh/cljs-time/0.4.0/cljs-time-0.4.0.jar from https://repo.clojars.org/
Downloading: org/eclipse/jetty/jetty-io/9.3.7.v20160115/jetty-io-9.3.7.v20160115.jar from https://repo1.maven.org/maven2/
Downloading: org/clojure/tools.reader/1.3.0-alpha3/tools.reader-1.3.0-alpha3.jar from https://repo1.maven.org/maven2/
Downloading: org/codehaus/janino/commons-compiler/2.6.1/commons-compiler-2.6.1.jar from https://repo1.maven.org/maven2/
Downloading: org/apache/activemq/artemis-core-client/1.4.0/artemis-core-client-1.4.0.jar from https://repo1.maven.org/maven2/
Downloading: javax/servlet/javax.servlet-api/3.1.0/javax.servlet-api-3.1.0.jar from https://repo1.maven.org/maven2/
Downloading: nrepl/nrepl/0.4.4/nrepl-0.4.4.jar from https://repo.clojars.org/
Downloading: buddy/buddy-auth/2.1.0/buddy-auth-2.1.0.jar from https://repo.clojars.org/
Downloading: clj-stacktrace/clj-stacktrace/0.2.8/clj-stacktrace-0.2.8.jar from https://repo.clojars.org/
Downloading: org/slf4j/slf4j-api/1.7.7/slf4j-api-1.7.7.jar from https://repo1.maven.org/maven2/
Downloading: buddy/buddy-sign/2.2.0/buddy-sign-2.2.0.jar from https://repo.clojars.org/
Downloading: com/google/javascript/closure-compiler-unshaded/v20180204/closure-compiler-unshaded-v20180204.jar from https://repo1.maven.org/maven2/
Downloading: bidi/bidi/2.1.3/bidi-2.1.3.jar from https://repo.clojars.org/
Downloading: org/clojure/test.check/0.9.0/test.check-0.9.0.jar from https://repo1.maven.org/maven2/
Downloading: com/google/protobuf/protobuf-java/3.0.2/protobuf-java-3.0.2.jar from https://repo1.maven.org/maven2/
Downloading: ring/ring-servlet/1.6.3/ring-servlet-1.6.3.jar from https://repo.clojars.org/
Downloading: ch/qos/logback/logback-classic/1.2.3/logback-classic-1.2.3.jar from https://repo1.maven.org/maven2/
Downloading: org/clojure/core.memoize/0.5.9/core.memoize-0.5.9.jar from https://repo1.maven.org/maven2/
Downloading: com/stuartsierra/dependency/0.2.0/dependency-0.2.0.jar from https://repo.clojars.org/
Downloading: hawk/hawk/0.2.11/hawk-0.2.11.jar from https://repo.clojars.org/
Downloading: org/clojure/data.priority-map/0.0.7/data.priority-map-0.0.7.jar from https://repo1.maven.org/maven2/
Downloading: cljsjs/create-react-class/15.6.2-0/create-react-class-15.6.2-0.jar from https://repo.clojars.org/
Downloading: org/codehaus/janino/commons-compiler-jdk/2.6.1/commons-compiler-jdk-2.6.1.jar from https://repo1.maven.org/maven2/
Downloading: org/eclipse/jetty/jetty-server/9.3.7.v20160115/jetty-server-9.3.7.v20160115.jar from https://repo1.maven.org/maven2/
Downloading: io/netty/netty-all/4.0.39.Final/netty-all-4.0.39.Final.jar from https://repo1.maven.org/maven2/
Downloading: com/google/code/findbugs/jsr305/3.0.1/jsr305-3.0.1.jar from https://repo1.maven.org/maven2/
Downloading: org/slf4j/log4j-over-slf4j/1.7.7/log4j-over-slf4j-1.7.7.jar from https://repo1.maven.org/maven2/
Downloading: ring/ring-core/1.6.3/ring-core-1.6.3.jar from https://repo.clojars.org/
Downloading: org/clojure/core.cache/0.6.5/core.cache-0.6.5.jar from https://repo1.maven.org/maven2/
Downloading: com/datomic/datomic-lucene-core/3.3.0/datomic-lucene-core-3.3.0.jar from https://repo1.maven.org/maven2/
Downloading: org/ow2/asm/asm-all/4.2/asm-all-4.2.jar from https://repo1.maven.org/maven2/
Downloading: org/clojure/core.async/0.4.474/core.async-0.4.474.jar from https://repo1.maven.org/maven2/
Downloading: com/fasterxml/jackson/dataformat/jackson-dataformat-smile/2.9.0/jackson-dataformat-smile-2.9.0.jar from https://repo1.maven.org/maven2/
Downloading: com/walmartlabs/dyn-edn/0.1.0/dyn-edn-0.1.0.jar from https://repo.clojars.org/
Downloading: com/google/code/gson/gson/2.7/gson-2.7.jar from https://repo1.maven.org/maven2/
Downloading: http-kit/http-kit/2.2.0/http-kit-2.2.0.jar from https://repo.clojars.org/
source bridge.env && clojure -m bridge.service
/bin/sh: 1: source: not found
Makefile:6: recipe for target 'serve' failed
make: *** [serve] Error 127
